Godot Engine v4.7.2.stable.official.ed1daf0bf - https://godotengine.org
Vulkan 1.4.325 - Forward+ - Using Device #0: NVIDIA - NVIDIA GeForce RTX 3050

terrain gen ms: 248
visuals ms: 1406
world ready ms: 2732
ERROR: BUG: Unreferenced static string to 0: _exit_world
   at: unref (core/string/string_name.cpp:118)
ERROR: BUG: Unreferenced static string to 0: _exit_tree
   at: unref (core/string/string_name.cpp:118)
ERROR: BUG: Unreferenced static string to 0: Physics3DConstraintSolveIslands
   at: unref (core/string/string_name.cpp:118)
ERROR: BUG: Unreferenced static string to 0: Physics3DConstraintSetup
   at: unref (core/string/string_name.cpp:118)
ERROR: BUG: Unreferenced static string to 0: luminance_buffers
   at: unref (core/string/string_name.cpp:118)
ERROR: BUG: Unreferenced static string to 0: color_upscaled
   at: unref (core/string/string_name.cpp:118)
ERROR: BUG: Unreferenced static string to 0: quarter_texture
   at: unref (core/string/string_name.cpp:118)
ERROR: BUG: Unreferenced static string to 0: sky_buffers
   at: unref (core/string/string_name.cpp:118)
ERROR: BUG: Unreferenced static string to 0: half_texture
   at: unref (core/string/string_name.cpp:118)
ERROR: BUG: Unreferenced static string to 0: mip_level
   at: unref (core/string/string_name.cpp:118)
ERROR: BUG: Unreferenced static string to 0: rb_ssr
   at: unref (core/string/string_name.cpp:118)
ERROR: BUG: Unreferenced static string to 0: ssr
   at: unref (core/string/string_name.cpp:118)
ERROR: BUG: Unreferenced static string to 0: rb_ssil
   at: unref (core/string/string_name.cpp:118)
ERROR: BUG: Unreferenced static string to 0: reflection
   at: unref (core/string/string_name.cpp:118)
ERROR: BUG: Unreferenced static string to 0: ambient
   at: unref (core/string/string_name.cpp:118)
ERROR: BUG: Unreferenced static string to 0: back_color
   at: unref (core/string/string_name.cpp:118)
ERROR: BUG: Unreferenced static string to 0: voxel_gi
   at: unref (core/string/string_name.cpp:118)
ERROR: BUG: Unreferenced static string to 0: VRS
   at: unref (core/string/string_name.cpp:118)
ERROR: BUG: Unreferenced static string to 0: Fog
   at: unref (core/string/string_name.cpp:118)
ERROR: BUG: Unreferenced static string to 0: sdfgi
   at: unref (core/string/string_name.cpp:118)
ERROR: BUG: Unreferenced static string to 0: _draw_rect
   at: unref (core/string/string_name.cpp:118)
ERROR: BUG: Unreferenced static string to 0: .
   at: unref (core/string/string_name.cpp:118)
ERROR: BUG: Unreferenced static string to 0: _validate_bone_names
   at: unref (core/string/string_name.cpp:118)
ERROR: BUG: Unreferenced static string to 0: _create_mesh_array
   at: unref (core/string/string_name.cpp:118)
ERROR: BUG: Unreferenced static string to 0: _enter_world
   at: unref (core/string/string_name.cpp:118)
ERROR: BUG: Unreferenced static string to 0: Physics2DConstraintSolveIslands
   at: unref (core/string/string_name.cpp:118)
ERROR: BUG: Unreferenced static string to 0: Physics2DConstraintSetup
   at: unref (core/string/string_name.cpp:118)
ERROR: BUG: Unreferenced static string to 0: _draw
   at: unref (core/string/string_name.cpp:118)
ERROR: BUG: Unreferenced static string to 0: _gui_input
   at: unref (core/string/string_name.cpp:118)
ERROR: BUG: Unreferenced static string to 0: _get_cursor_shape
   at: unref (core/string/string_name.cpp:118)
ERROR: BUG: Unreferenced static string to 0: _has_point
   at: unref (core/string/string_name.cpp:118)
ERROR: BUG: Unreferenced static string to 0: _shaped_text_get_carets
   at: unref (core/string/string_name.cpp:118)
ERROR: BUG: Unreferenced static string to 0: _get_contents_minimum_size
   at: unref (core/string/string_name.cpp:118)
ERROR: BUG: Unreferenced static string to 0: _toggled
   at: unref (core/string/string_name.cpp:118)
ERROR: BUG: Unreferenced static string to 0: _shaped_text_get_line_breaks
   at: unref (core/string/string_name.cpp:118)
ERROR: BUG: Unreferenced static string to 0: _get_minimum_size
   at: unref (core/string/string_name.cpp:118)
ERROR: BUG: Unreferenced static string to 0: _get_maximum_size
   at: unref (core/string/string_name.cpp:118)
ERROR: BUG: Unreferenced static string to 0: _get_parameter_list
   at: unref (core/string/string_name.cpp:118)
ERROR: BUG: Unreferenced static string to 0: _process_silence
   at: unref (core/string/string_name.cpp:118)
ERROR: BUG: Unreferenced static string to 0: _physics_process
   at: unref (core/string/string_name.cpp:118)
ERROR: BUG: Unreferenced static string to 0: _unhandled_key_input
   at: unref (core/string/string_name.cpp:118)
ERROR: BUG: Unreferenced static string to 0: _shortcut_input
   at: unref (core/string/string_name.cpp:118)
ERROR: BUG: Unreferenced static string to 0: _input
   at: unref (core/string/string_name.cpp:118)
ERROR: BUG: Unreferenced static string to 0: _enter_tree
   at: unref (core/string/string_name.cpp:118)
ERROR: BUG: Unreferenced static string to 0: _initialize
   at: unref (core/string/string_name.cpp:118)
ERROR: BUG: Unreferenced static string to 0: Variant
   at: unref (core/string/string_name.cpp:118)
ERROR: BUG: Unreferenced static string to 0: _set_path_cache
   at: unref (core/string/string_name.cpp:118)
ERROR: BUG: Unreferenced static string to 0: _exists
   at: unref (core/string/string_name.cpp:118)
ERROR: BUG: Unreferenced static string to 0: _recognize_path
   at: unref (core/string/string_name.cpp:118)
ERROR: BUG: Unreferenced static string to 0: _reset_state
   at: unref (core/string/string_name.cpp:118)
ERROR: 7 RID allocations of type '23NavMeshGeometryParser2D' were leaked at exit.
ERROR: 6 RID allocations of type '23NavMeshGeometryParser3D' were leaked at exit.
ERROR: Pages in use exist at exit in PagedAllocator: N12VariantPools11BucketLargeE
   at: ~PagedAllocator (./core/templates/paged_allocator.h:170)
